// Jest Snapshot v1, https://goo.gl/fbAQLP

exports[`onPostBuild runs correctly 1`] = `
Array [
  Array [
    "gatsby-plugin-postbuild",
    Object {
      "parentSpan": "foo",
    },
  ],
  Array [
    "gatsby-plugin-postbuild",
    Object {
      "parentSpan": "foo",
    },
  ],
  Array [
    "gatsby-plugin-postbuild",
    Object {
      "parentSpan": "foo",
    },
  ],
]
`;

exports[`onPostBuild runs correctly 2`] = `
Array [
  Array [],
  Array [],
  Array [],
]
`;

exports[`onPostBuild runs correctly 3`] = `
Array [
  Array [
    Object {
      "context": [Error: foo],
      "error": [Error: foo],
      "id": "gatsby-plugin-postbuild_10000",
    },
  ],
  Array [
    Object {
      "context": Object {
        "message": "something wrong",
      },
      "error": [TypeError: foo],
      "id": "gatsby-plugin-postbuild_10000",
    },
  ],
]
`;

exports[`onPostBuild runs correctly 4`] = `
Array [
  Array [],
  Array [],
  Array [],
]
`;

exports[`onPreBootstrap runs correctly 1`] = `
Array [
  Array [
    Object {
      "context": [Error: foo],
      "error": [Error: foo],
      "id": "gatsby-plugin-postbuild_10000",
    },
  ],
  Array [
    Object {
      "context": Object {
        "message": "something wrong",
      },
      "error": [TypeError: foo],
      "id": "gatsby-plugin-postbuild_10000",
    },
  ],
]
`;

exports[`pluginOptionsSchema runs correctly 1`] = `"Error occured while initializing \\"gatsby-plugin-postbuild\\" plugin: foo"`;
