// Vitest Snapshot v1, https://vitest.dev/guide/snapshot.html

exports[`task: http-headers [netlify] > works correctly > activity.panic 1`] = `[]`;

exports[`task: http-headers [netlify] > works correctly > activity.setStatus 1`] = `
[
  [
    "Loaded 1/11 Processed 0/11 Wrote 0/11",
  ],
  [
    "Loaded 2/11 Processed 0/11 Wrote 0/11",
  ],
  [
    "Loaded 3/11 Processed 0/11 Wrote 0/11",
  ],
  [
    "Loaded 4/11 Processed 0/11 Wrote 0/11",
  ],
  [
    "Loaded 5/11 Processed 0/11 Wrote 0/11",
  ],
  [
    "Loaded 6/11 Processed 0/11 Wrote 0/11",
  ],
  [
    "Loaded 7/11 Processed 0/11 Wrote 0/11",
  ],
  [
    "Loaded 8/11 Processed 0/11 Wrote 0/11",
  ],
  [
    "Loaded 9/11 Processed 0/11 Wrote 0/11",
  ],
  [
    "Loaded 10/11 Processed 0/11 Wrote 0/11",
  ],
  [
    "Loaded 10/11 Processed 1/11 Wrote 0/11",
  ],
  [
    "Loaded 10/11 Processed 2/11 Wrote 0/11",
  ],
  [
    "Loaded 10/11 Processed 3/11 Wrote 0/11",
  ],
  [
    "Loaded 10/11 Processed 4/11 Wrote 0/11",
  ],
  [
    "Loaded 10/11 Processed 5/11 Wrote 0/11",
  ],
  [
    "Loaded 10/11 Processed 6/11 Wrote 0/11",
  ],
  [
    "Loaded 10/11 Processed 7/11 Wrote 0/11",
  ],
  [
    "Loaded 10/11 Processed 8/11 Wrote 0/11",
  ],
  [
    "Loaded 10/11 Processed 8/11 Wrote 1/11",
  ],
  [
    "Loaded 10/11 Processed 8/11 Wrote 2/11",
  ],
  [
    "Loaded 10/11 Processed 8/11 Wrote 3/11",
  ],
  [
    "Loaded 10/11 Processed 8/11 Wrote 4/11",
  ],
  [
    "Loaded 10/11 Processed 8/11 Wrote 5/11",
  ],
  [
    "Loaded 10/11 Processed 8/11 Wrote 6/11",
  ],
  [
    "Loaded 10/11 Processed 8/11 Wrote 7/11",
  ],
  [
    "Loaded 10/11 Processed 8/11 Wrote 8/11",
  ],
  [
    "Loaded 10/11 Processed 9/11 Wrote 8/11",
  ],
  [
    "Loaded 10/11 Processed 10/11 Wrote 8/11",
  ],
  [
    "Loaded 11/11 Processed 10/11 Wrote 8/11",
  ],
  [
    "Loaded 11/11 Processed 10/11 Wrote 9/11",
  ],
  [
    "Loaded 11/11 Processed 10/11 Wrote 10/11",
  ],
  [
    "Loaded 11/11 Processed 11/11 Wrote 10/11",
  ],
  [
    "Loaded 11/11 Processed 11/11 Wrote 11/11",
  ],
  [
    "Done processing 11 files saving a total of 3.01kB",
  ],
]
`;

exports[`task: http-headers [netlify] > works correctly > info 1`] = `
[
  [
    "[gatsby-plugin-postbuild]: Report
 update 404.html [6.11kB -1%]
 update blog/index.html [10.13kB -2%]
 update 404/index.html [6.11kB -1%]
 update blog/blog-post-3/index.html [7.3kB -1%]
 update blog/blog-post-2/index.html [7.3kB -1%]
 update blog/blog-post-1/index.html [7.3kB -1%]
 update blog/tag/tag3/index.html [9.43kB -2%]
 update blog/tag/tag2/index.html [9.43kB -2%]
 update index.html [6.54kB -4%]
 update about/index.html [12.82kB -7%]
 update blog/tag/tag1/index.html [9.43kB -2%]
 create _headers [1kB]
 create postbuild.log.json [1.48kB]",
  ],
]
`;

exports[`task: http-headers [netlify] > works correctly > panic 1`] = `[]`;

exports[`task: http-headers [netlify] > works correctly > verbose 1`] = `[]`;
