// Jest Snapshot v1, https://goo.gl/fbAQLP

exports[`FileWriter correctly writes files 1`] = `
Array [
  Object {
    "file": "page/index.html",
    "rejected": 0,
    "sizes": Array [
      "6B",
      "4B",
      "-2B",
    ],
  },
]
`;

exports[`FileWriter correctly writes files 2`] = `
Array [
  2,
  "2B",
]
`;
